library(readr)
> top_archaea_tongue_genus <- read_csv("Top microbes/top_archaea_tongue_genus.csv")
Rows: 39 Columns: 5                                                                                                  
── Column specification ──────────────────────────────────────────────────────────
Delimiter: ","
chr (2): Sample_Number, Stage
dbl (3): Candidatus, Sulfolobus, Methanosarcina

ℹ Use `spec()` to retrieve the full column specification for this data.
ℹ Specify the column types or set `show_col_types = FALSE` to quiet this message.
> View(top_archaea_tongue_genus)
> data <- top_archaea_tongue_genus
> # Load required libraries
> library(tidyr)
> library(dplyr)
> library(ggplot2)
> 
> # Specify the names of the top archaea and their corresponding colors
> top_archaea_colors <- c("Candidatus" = "#E41A1C", "Sulfolobus" = "#377EB8", "Methanosarcina" = "#4DAF4A")
> 
> # Specify the names of the top archaea
> top_archaea_names <- c("Candidatus", "Sulfolobus", "Methanosarcina")
> 
> # Combine the data for all three archaea into a single data frame
> combined_data <- data.frame(
+     Archaea = rep(top_archaea_names, each = nrow(data)),
+     Abundance = c(data$Candidatus, data$Sulfolobus, data$Methanosarcina),
+     Stage = rep(data$Stage, times = 3)
+ )
> 
> # Remove rows with NAs
> combined_data <- na.omit(combined_data)
> 
> # Check the number of rows in the combined data after removing NAs
> print(paste("Number of rows after removing NAs: ", nrow(combined_data)))
[1] "Number of rows after removing NAs:  63"
> 
> # Filter out rows with missing values in the Stage column
> combined_data <- combined_data[!is.na(combined_data$Stage), ]
> 
> # Check the number of rows after filtering
> print(paste("Number of rows after filtering: ", nrow(combined_data)))
[1] "Number of rows after filtering:  63"
> 
> # Create a folder to save the plot and data
> dir.create("boxplots", showWarnings = FALSE)
> 
> # Perform Kruskal-Wallis test and save p-values
> kruskal_results <- combined_data %>%
+     group_by(Bacteria) %>%
+     summarize(
+         avg_abundance = mean(Abundance, na.rm = TRUE),
+         kruskal_p_value = kruskal.test(Abundance ~ Stage)$p.value
+     )
Error in `group_by()`:
! Must group by variables found in `.data`.
✖ Column `Bacteria` is not found.
Run `rlang::last_trace()` to see where the error occurred.
> # Load required libraries
> library(tidyr)
> library(dplyr)
> library(ggplot2)
> 
> # Specify the names of the top archaea and their corresponding colors
> top_archaea_colors <- c("Candidatus" = "#E41A1C", "Sulfolobus" = "#377EB8", "Methanosarcina" = "#4DAF4A")
> 
> # Specify the names of the top archaea
> top_archaea_names <- c("Candidatus", "Sulfolobus", "Methanosarcina")
> 
> # Combine the data for all three archaea into a single data frame
> combined_data <- data.frame(
+     Archaea = rep(top_archaea_names, each = nrow(data)),
+     Abundance = c(data$Candidatus, data$Sulfolobus, data$Methanosarcina),
+     Stage = rep(data$Stage, times = 3)
+ )
> 
> # Remove rows with NAs
> combined_data <- na.omit(combined_data)
> 
> # Check the number of rows in the combined data after removing NAs
> print(paste("Number of rows after removing NAs: ", nrow(combined_data)))
[1] "Number of rows after removing NAs:  63"
> 
> # Filter out rows with missing values in the Stage column
> combined_data <- combined_data[!is.na(combined_data$Stage), ]
> 
> # Check the number of rows after filtering
> print(paste("Number of rows after filtering: ", nrow(combined_data)))
[1] "Number of rows after filtering:  63"
> 
> # Create a folder to save the plot and data
> dir.create("boxplots", showWarnings = FALSE)
> 
> # Perform Kruskal-Wallis test and save p-values
> kruskal_results <- combined_data %>%
+     group_by(Archaea) %>%
+     summarize(
+         avg_abundance = mean(Abundance, na.rm = TRUE),
+         kruskal_p_value = kruskal.test(Abundance ~ Stage)$p.value
+     )
> 
> # Apply Bonferroni correction
> kruskal_results$bonferroni_p_value <- p.adjust(kruskal_results$kruskal_p_value, method = "bonferroni")
> 
> # Save the data with p-values to a CSV file
> write.csv(
+     kruskal_results,
+     "boxplots/kruskal_results_with_p_values.csv",
+     row.names = FALSE
+ )
> 
> # Print the Kruskal-Wallis results
> print(kruskal_results)
# A tibble: 3 × 4
  Archaea        avg_abundance kruskal_p_value bonferroni_p_value
  <chr>                  <dbl>           <dbl>              <dbl>
1 Candidatus              8.80           0.510              1    
2 Methanosarcina          7.28           0.172              0.517
3 Sulfolobus              7.65           0.687              1    
> 
> # Create a grouped boxplot with y-axis as relative abundance
> p <- ggplot(combined_data, aes(x = Stage, y = Abundance, fill = Bacteria)) +
+     geom_boxplot() +
+     labs(
+         title = "Grouped Boxplot for Archaea in Tongue by Tumor Stage",
+         y = "Relative Abundance",
+         x = "Tumor Stage"
+     ) +
+     scale_fill_manual(values = top_archaea_colors) +  # Assign specified colors
+     geom_text(
+         aes(x = 2, y = max(combined_data$Abundance) * 0.9, 
+             label = paste("p =", round(kruskal_results$bonferroni_p_value[1], 4))),
+         vjust = -0.8,  # Adjust the vertical position
+         size = 4,
+         color = "black"
+     )
> 
> # Save the grouped boxplot as a PNG file
> ggsave(
+     p,
+     file = "Archaea_tongue_boxplots/grouped_boxplot_relative_abundance.png",
+     width = 10,
+     height = 6,
+     dpi = 300
+ )
Error in `geom_boxplot()`:
! Problem while computing aesthetics.
ℹ Error occurred in the 1st layer.
Caused by error:
! object 'Bacteria' not found
Run `rlang::last_trace()` to see where the error occurred.
> # Load required libraries
> library(tidyr)
> library(dplyr)
> library(ggplot2)
> 
> # Specify the names of the top archaea and their corresponding colors
> top_archaea_colors <- c("Candidatus" = "#E41A1C", "Sulfolobus" = "#377EB8", "Methanosarcina" = "#4DAF4A")
> 
> # Specify the names of the top archaea
> top_archaea_names <- c("Candidatus", "Sulfolobus", "Methanosarcina")
> 
> # Combine the data for all three archaea into a single data frame
> combined_data <- data.frame(
+     Archaea = rep(top_archaea_names, each = nrow(data)),
+     Abundance = c(data$Candidatus, data$Sulfolobus, data$Methanosarcina),
+     Stage = rep(data$Stage, times = 3)
+ )
> 
> # Remove rows with NAs
> combined_data <- na.omit(combined_data)
> 
> # Check the number of rows in the combined data after removing NAs
> print(paste("Number of rows after removing NAs: ", nrow(combined_data)))
[1] "Number of rows after removing NAs:  63"
> 
> # Filter out rows with missing values in the Stage column
> combined_data <- combined_data[!is.na(combined_data$Stage), ]
> 
> # Check the number of rows after filtering
> print(paste("Number of rows after filtering: ", nrow(combined_data)))
[1] "Number of rows after filtering:  63"
> 
> # Create a folder to save the plot and data
> dir.create("boxplots", showWarnings = FALSE)
> 
> # Perform Kruskal-Wallis test and save p-values
> kruskal_results <- combined_data %>%
+     group_by(Archaea) %>%
+     summarize(
+         avg_abundance = mean(Abundance, na.rm = TRUE),
+         kruskal_p_value = kruskal.test(Abundance ~ Stage)$p.value
+     )
> 
> # Apply Bonferroni correction
> kruskal_results$bonferroni_p_value <- p.adjust(kruskal_results$kruskal_p_value, method = "bonferroni")
> 
> # Save the data with p-values to a CSV file
> write.csv(
+     kruskal_results,
+     "boxplots/kruskal_results_with_p_values.csv",
+     row.names = FALSE
+ )
> 
> # Print the Kruskal-Wallis results
> print(kruskal_results)
# A tibble: 3 × 4
  Archaea        avg_abundance kruskal_p_value bonferroni_p_value
  <chr>                  <dbl>           <dbl>              <dbl>
1 Candidatus              8.80           0.510              1    
2 Methanosarcina          7.28           0.172              0.517
3 Sulfolobus              7.65           0.687              1    
> 
> # Create a grouped boxplot with y-axis as relative abundance
> p <- ggplot(combined_data, aes(x = Stage, y = Abundance, fill = Archaea)) +
+     geom_boxplot() +
+     labs(
+         title = "Grouped Boxplot for Archaea in Tongue by Tumor Stage",
+         y = "Relative Abundance",
+         x = "Tumor Stage"
+     ) +
+     scale_fill_manual(values = top_archaea_colors) +  # Assign specified colors
+     geom_text(
+         aes(x = 2, y = max(combined_data$Abundance) * 0.9, 
+             label = paste("p =", round(kruskal_results$bonferroni_p_value[1], 4))),
+         vjust = -0.8,  # Adjust the vertical position
+         size = 4,
+         color = "black"
+     )
> 
> # Save the grouped boxplot as a PNG file
> ggsave(
+     p,
+     file = "Archaea_tongue_boxplots/grouped_boxplot_relative_abundance.png",
+     width = 10,
+     height = 6,
+     dpi = 300
+ )
> 
> 
> library(readr)
> top_archaea_mouth_genus <- read_csv("Top microbes/top_archaea_mouth_genus.csv")
Rows: 79 Columns: 5                                                                                                  
── Column specification ──────────────────────────────────────────────────────────
Delimiter: ","
chr (2): Sample_Number, Stage
dbl (3): Candidatus, Sulfolobus, Methanosarcina

ℹ Use `spec()` to retrieve the full column specification for this data.
ℹ Specify the column types or set `show_col_types = FALSE` to quiet this message.
> View(top_archaea_mouth_genus)
> data <- top_archaea_mouth_genus
> # Load required libraries
> library(tidyr)
> library(dplyr)
> library(ggplot2)
> 
> # Specify the names of the top archaea and their corresponding colors
> top_archaea_colors <- c("Candidatus" = "#E41A1C", "Sulfolobus" = "#377EB8", "Methanosarcina" = "#4DAF4A")
> 
> # Specify the names of the top archaea
> top_archaea_names <- c("Candidatus", "Sulfolobus", "Methanosarcina")
> 
> # Combine the data for all three archaea into a single data frame
> combined_data <- data.frame(
+     Archaea = rep(top_archaea_names, each = nrow(data)),
+     Abundance = c(data$Candidatus, data$Sulfolobus, data$Methanosarcina),
+     Stage = rep(data$Stage, times = 3)
+ )
> 
> # Remove rows with NAs
> combined_data <- na.omit(combined_data)
> 
> # Check the number of rows in the combined data after removing NAs
> print(paste("Number of rows after removing NAs: ", nrow(combined_data)))
[1] "Number of rows after removing NAs:  216"
> 
> # Filter out rows with missing values in the Stage column
> combined_data <- combined_data[!is.na(combined_data$Stage), ]
> 
> # Check the number of rows after filtering
> print(paste("Number of rows after filtering: ", nrow(combined_data)))
[1] "Number of rows after filtering:  216"
> 
> # Create a folder to save the plot and data
> dir.create("boxplots", showWarnings = FALSE)
> 
> # Perform Kruskal-Wallis test and save p-values
> kruskal_results <- combined_data %>%
+     group_by(Archaea) %>%
+     summarize(
+         avg_abundance = mean(Abundance, na.rm = TRUE),
+         kruskal_p_value = kruskal.test(Abundance ~ Stage)$p.value
+     )
> 
> # Apply Bonferroni correction
> kruskal_results$bonferroni_p_value <- p.adjust(kruskal_results$kruskal_p_value, method = "bonferroni")
> 
> # Save the data with p-values to a CSV file
> write.csv(
+     kruskal_results,
+     "boxplots/kruskal_results_with_p_values.csv",
+     row.names = FALSE
+ )
> 
> # Print the Kruskal-Wallis results
> print(kruskal_results)
# A tibble: 3 × 4
  Archaea        avg_abundance kruskal_p_value bonferroni_p_value
  <chr>                  <dbl>           <dbl>              <dbl>
1 Candidatus              8.48           0.980                  1
2 Methanosarcina          7.11           0.758                  1
3 Sulfolobus              7.69           0.361                  1
> 
> # Create a grouped boxplot with y-axis as relative abundance
> p <- ggplot(combined_data, aes(x = Stage, y = Abundance, fill = Archaea)) +
+     geom_boxplot() +
+     labs(
+         title = "Grouped Boxplot for Archaea in Mouth by Tumor Stage",
+         y = "Relative Abundance",
+         x = "Tumor Stage"
+     ) +
+     scale_fill_manual(values = top_archaea_colors) +  # Assign specified colors
+     geom_text(
+         aes(x = 2, y = max(combined_data$Abundance) * 0.9, 
+             label = paste("p =", round(kruskal_results$bonferroni_p_value[1], 4))),
+         vjust = -0.8,  # Adjust the vertical position
+         size = 4,
+         color = "black"
+     )
> 
> # Save the grouped boxplot as a PNG file
> ggsave(
+     p,
+     file = "Archaea_mouth_boxplots/grouped_boxplot_relative_abundance.png",
+     width = 10,
+     height = 6,
+     dpi = 300
+ )
> 
> 
> library(readr)
> top_archaea_larynx_genus <- read_csv("Top microbes/top_archaea_larynx_genus.csv")
Rows: 174 Columns: 5                                                                                                 
── Column specification ──────────────────────────────────────────────────────────
Delimiter: ","
chr (2): Sample_Number, Stage
dbl (3): Candidatus, Sulfolobus, Methanosarcina

ℹ Use `spec()` to retrieve the full column specification for this data.
ℹ Specify the column types or set `show_col_types = FALSE` to quiet this message.
> View(top_archaea_larynx_genus)
> data <- top_archaea_larynx_genus
> # Load required libraries
> library(tidyr)
> library(dplyr)
> library(ggplot2)
> 
> # Specify the names of the top archaea and their corresponding colors
> top_archaea_colors <- c("Candidatus" = "#E41A1C", "Sulfolobus" = "#377EB8", "Methanosarcina" = "#4DAF4A")
> 
> # Specify the names of the top archaea
> top_archaea_names <- c("Candidatus", "Sulfolobus", "Methanosarcina")
> 
> # Combine the data for all three archaea into a single data frame
> combined_data <- data.frame(
+     Archaea = rep(top_archaea_names, each = nrow(data)),
+     Abundance = c(data$Candidatus, data$Sulfolobus, data$Methanosarcina),
+     Stage = rep(data$Stage, times = 3)
+ )
> 
> # Remove rows with NAs
> combined_data <- na.omit(combined_data)
> 
> # Check the number of rows in the combined data after removing NAs
> print(paste("Number of rows after removing NAs: ", nrow(combined_data)))
[1] "Number of rows after removing NAs:  450"
> 
> # Filter out rows with missing values in the Stage column
> combined_data <- combined_data[!is.na(combined_data$Stage), ]
> 
> # Check the number of rows after filtering
> print(paste("Number of rows after filtering: ", nrow(combined_data)))
[1] "Number of rows after filtering:  450"
> 
> # Create a folder to save the plot and data
> dir.create("boxplots", showWarnings = FALSE)
> 
> # Perform Kruskal-Wallis test and save p-values
> kruskal_results <- combined_data %>%
+     group_by(Archaea) %>%
+     summarize(
+         avg_abundance = mean(Abundance, na.rm = TRUE),
+         kruskal_p_value = kruskal.test(Abundance ~ Stage)$p.value
+     )
> 
> # Apply Bonferroni correction
> kruskal_results$bonferroni_p_value <- p.adjust(kruskal_results$kruskal_p_value, method = "bonferroni")
> 
> # Save the data with p-values to a CSV file
> write.csv(
+     kruskal_results,
+     "boxplots/kruskal_results_with_p_values.csv",
+     row.names = FALSE
+ )
> 
> # Print the Kruskal-Wallis results
> print(kruskal_results)
# A tibble: 3 × 4
  Archaea        avg_abundance kruskal_p_value bonferroni_p_value
  <chr>                  <dbl>           <dbl>              <dbl>
1 Candidatus              8.56          0.527               1    
2 Methanosarcina          7.28          0.863               1    
3 Sulfolobus              7.89          0.0795              0.238
> 
> # Create a grouped boxplot with y-axis as relative abundance
> p <- ggplot(combined_data, aes(x = Stage, y = Abundance, fill = Archaea)) +
+     geom_boxplot() +
+     labs(
+         title = "Grouped Boxplot for Archaea in Larynx by Tumor Stage",
+         y = "Relative Abundance",
+         x = "Tumor Stage"
+     ) +
+     scale_fill_manual(values = top_archaea_colors) +  # Assign specified colors
+     geom_text(
+         aes(x = 2, y = max(combined_data$Abundance) * 0.9, 
+             label = paste("p =", round(kruskal_results$bonferroni_p_value[1], 4))),
+         vjust = -0.8,  # Adjust the vertical position
+         size = 4,
+         color = "black"
+     )
> 
> # Save the grouped boxplot as a PNG file
> ggsave(
+     p,
+     file = "Archaea_larynx_boxplots/grouped_boxplot_relative_abundance.png",
+     width = 10,
+     height = 6,
+     dpi = 300
+ )
> 
> 
> library(readr)
> top_archaea_gum_genus <- read_csv("Top microbes/top_archaea_gum_genus.csv")
Rows: 19 Columns: 5                                                                                                  
── Column specification ──────────────────────────────────────────────────────────
Delimiter: ","
chr (2): Sample_Number, Stage
dbl (3): Candidatus, Sulfolobus, Methanosarcina

ℹ Use `spec()` to retrieve the full column specification for this data.
ℹ Specify the column types or set `show_col_types = FALSE` to quiet this message.
> View(top_archaea_gum_genus)
> data <- top_archaea_gum_genus
> # Load required libraries
> library(tidyr)
> library(dplyr)
> library(ggplot2)
> 
> # Specify the names of the top archaea and their corresponding colors
> top_archaea_colors <- c("Candidatus" = "#E41A1C", "Sulfolobus" = "#377EB8", "Methanosarcina" = "#4DAF4A")
> 
> # Specify the names of the top archaea
> top_archaea_names <- c("Candidatus", "Sulfolobus", "Methanosarcina")
> 
> # Combine the data for all three archaea into a single data frame
> combined_data <- data.frame(
+     Archaea = rep(top_archaea_names, each = nrow(data)),
+     Abundance = c(data$Candidatus, data$Sulfolobus, data$Methanosarcina),
+     Stage = rep(data$Stage, times = 3)
+ )
> 
> # Remove rows with NAs
> combined_data <- na.omit(combined_data)
> 
> # Check the number of rows in the combined data after removing NAs
> print(paste("Number of rows after removing NAs: ", nrow(combined_data)))
[1] "Number of rows after removing NAs:  54"
> 
> # Filter out rows with missing values in the Stage column
> combined_data <- combined_data[!is.na(combined_data$Stage), ]
> 
> # Check the number of rows after filtering
> print(paste("Number of rows after filtering: ", nrow(combined_data)))
[1] "Number of rows after filtering:  54"
> 
> # Create a folder to save the plot and data
> dir.create("boxplots", showWarnings = FALSE)
> 
> # Perform Kruskal-Wallis test and save p-values
> kruskal_results <- combined_data %>%
+     group_by(Archaea) %>%
+     summarize(
+         avg_abundance = mean(Abundance, na.rm = TRUE),
+         kruskal_p_value = kruskal.test(Abundance ~ Stage)$p.value
+     )
> 
> # Apply Bonferroni correction
> kruskal_results$bonferroni_p_value <- p.adjust(kruskal_results$kruskal_p_value, method = "bonferroni")
> 
> # Save the data with p-values to a CSV file
> write.csv(
+     kruskal_results,
+     "boxplots/kruskal_results_with_p_values.csv",
+     row.names = FALSE
+ )
> 
> # Print the Kruskal-Wallis results
> print(kruskal_results)
# A tibble: 3 × 4
  Archaea        avg_abundance kruskal_p_value bonferroni_p_value
  <chr>                  <dbl>           <dbl>              <dbl>
1 Candidatus              8.43           0.101              0.304
2 Methanosarcina          7.28           0.386              1    
3 Sulfolobus              7.34           0.630              1    
> 
> # Create a grouped boxplot with y-axis as relative abundance
> p <- ggplot(combined_data, aes(x = Stage, y = Abundance, fill = Archaea)) +
+     geom_boxplot() +
+     labs(
+         title = "Grouped Boxplot for Archaea in Gum by Tumor Stage",
+         y = "Relative Abundance",
+         x = "Tumor Stage"
+     ) +
+     scale_fill_manual(values = top_archaea_colors) +  # Assign specified colors
+     geom_text(
+         aes(x = 2, y = max(combined_data$Abundance) * 0.9, 
+             label = paste("p =", round(kruskal_results$bonferroni_p_value[1], 4))),
+         vjust = -0.8,  # Adjust the vertical position
+         size = 4,
+         color = "black"
+     )
> 
> # Save the grouped boxplot as a PNG file
> ggsave(
+     p,
+     file = "Archaea_gum_boxplots/grouped_boxplot_relative_abundance.png",
+     width = 10,
+     height = 6,
+     dpi = 300
+ )
> 